// Vitest Snapshot v1, https://vitest.dev/guide/snapshot.html

exports[`unit:errors/ERR_INVALID_ARG_TYPE > should build message from parameters (0) 1`] = `"The json argument must be one of type boolean, number, or string or an instance of Array or Object or null. Received undefined"`;

exports[`unit:errors/ERR_INVALID_ARG_TYPE > should build message from parameters (1) 1`] = `"The 'opts.ip_addr' property must be of type string or an instance of IpAddress. Received null"`;

exports[`unit:errors/ERR_INVALID_ARG_TYPE > should build message from parameters (2) 1`] = `"The 'packageKey' argument must be one of "exports" or "imports". Received null"`;
