// Vitest Snapshot v1, https://vitest.dev/guide/snapshot.html

exports[`unit:errors/ERR_INVALID_PACKAGE_TARGET > should build message from parameters (0) 1`] = `Invalid "exports" main target "dist/index.mjs" defined in the package config \${process.cwd()}/node_modules/@flex-development/pathe/package.json imported from \${process.cwd()}/loader.mjs; targets must start with "./"`;

exports[`unit:errors/ERR_INVALID_PACKAGE_TARGET > should build message from parameters (1) 1`] = `Invalid "exports" target "../package.json" defined for './package.json' in the package config \${process.cwd()}/node_modules/@flex-development/pathe/package.json imported from \${process.cwd()}/src/errors/__tests__/err-invalid-package-target.spec.ts; targets must start with "./"`;

exports[`unit:errors/ERR_INVALID_PACKAGE_TARGET > should build message from parameters (2) 1`] = `Invalid "imports" target "src/index.ts" defined for '#src' in the package config \${process.cwd()}/package.json imported from \${process.cwd()}/src/errors/__tests__/err-invalid-package-target.spec.ts`;
